Microchip MPLAB XC8 Compiler V2.32

Linker command line:

-W-3 --edf=C:\Program Files\Microchip\xc8\v2.32\pic\dat\en_msgs.txt -cn \
  -h+dist/default/production\Play-Guitar-master.production.sym \
  --cmf=dist/default/production\Play-Guitar-master.production.cmf -z \
  -Q18F4520 -oC:\Users\Bruno\AppData\Local\Temp\xcAsimk.4 \
  --defsym=__MPLAB_BUILD=1 \
  -Mdist/default/production/Play-Guitar-master.production.map -E1 \
  -ver=XC8 Compiler --acfsm=1493 -ASTACK=0114h-05FFh -pstack=STACK \
  -ACODE=00h-07FFFh -ACONST=00h-07FFFh -ASMALLCONST=0600h-06FFhx122 \
  -AMEDIUMCONST=0600h-07FFFh -ACOMRAM=01h-07Fh -AABS1=00h-05FFh \
  -ABIGRAM=01h-05FFh -ARAM=080h-0FFh,0100h-01FFhx5 -ABANK0=080h-0FFh \
  -ABANK1=0100h-01FFh -ABANK2=0200h-02FFh -ABANK3=0300h-03FFh \
  -ABANK4=0400h-04FFh -ABANK5=0500h-05FFh -ASFR=0F80h-0FFFh \
  -ACONFIG=0300000h-030000Dh -AIDLOC=0200000h-0200007h \
  -AEEDATA=0F00000h-0F000FFh -peeprom_data=EEDATA \
  -preset_vec=00h,intcode,intcodelo,powerup,init -pramtop=0600h \
  -psmallconst=SMALLCONST -pmediumconst=MEDIUMCONST -pconst=CONST \
  -AFARRAM=00h-00h \
  -prdata=COMRAM,nvrram=COMRAM,nvbit=COMRAM,rbss=COMRAM,rbit=COMRAM \
  -pfarbss=FARRAM,fardata=FARRAM,nvFARRAM=FARRAM \
  -pintsave_regs=BIGRAM,bigbss=BIGRAM,bigdata=BIGRAM -pbss=RAM \
  -pidata=CODE,irdata=CODE,ibigdata=CODE,ifardata=CODE -prparam=COMRAM \
  C:\Users\Bruno\AppData\Local\Temp\xcAsimk.o \
  dist/default/production\Play-Guitar-master.production.o 

Object code version is 3.11

Machine type is 18F4520



                Name                               Link     Load   Length Selector   Space Scale
C:\Users\Bruno\AppData\Local\Temp\xcAsimk.o
                idloc                            200000   200000        8        0       5
                config                           300000   300000        E        0       4
                init                                  0        0        4        0       0
dist/default/production\Play-Guitar-master.production.o
                idloc                            200000   200000        8        0       5
                config                           300000   300000        E        0       4
                smallconst                          600      600       E6      300       0
                text19                             145A     145A       64      373       0
                text18                             1634     1634        8      373       0
                text17                             15C6     15C6       2A      373       0
                text16                             14BE     14BE       5C      373       0
                text15                             159C     159C       2A      373       0
                text14                             1226     1226       78      373       0
                text13                             1384     1384       72      373       0
                text12                              F44      F44       E2      373       0
                text11                             151A     151A       50      373       0
                text10                             10FA     10FA       A4      373       0
                text9                              119E     119E       88      373       0
                text8                               6E6      6E6      27E      373       0
                text7                               964      964      1CA      373       0
                text6                               CE0      CE0      15C      373       0
                text5                              129E     129E       74      373       0
                text4                              13F6     13F6       64      373       0
                text3                               E3C      E3C      108      373       0
                text2                              1026     1026       D4      373       0
                text1                               B2E      B2E      1B2      373       0
                text0                              162C     162C        8      373       0
                cstackCOMRAM                          1        1       3A        1       1
                cstackBANK0                          80       80       51       80       1
                dataBANK1                           100      100       14      100       1
                dataBANK0                            D1       D1       28       80       1
                dataCOMRAM                           3B       3B       32        1       1
                bssCOMRAM                            6D       6D        4        1       1
                cinit                              1312     1312       72      373       0
                idataBANK1                         1618     1618       14      373       0
                idataBANK0                         15F0     15F0       28      373       0
                idataCOMRAM                        156A     156A       32      373       0

TOTAL           Name                               Link     Load   Length     Space
        CLASS   STACK          

        CLASS   CODE           
                init                                  0        0        4         0
                text19                             145A     145A       64         0
                text18                             1634     1634        8         0
                text17                             15C6     15C6       2A         0
                text16                             14BE     14BE       5C         0
                text15                             159C     159C       2A         0
                text14                             1226     1226       78         0
                text13                             1384     1384       72         0
                text12                              F44      F44       E2         0
                text11                             151A     151A       50         0
                text10                             10FA     10FA       A4         0
                text9                              119E     119E       88         0
                text8                               6E6      6E6      27E         0
                text7                               964      964      1CA         0
                text6                               CE0      CE0      15C         0
                text5                              129E     129E       74         0
                text4                              13F6     13F6       64         0
                text3                               E3C      E3C      108         0
                text2                              1026     1026       D4         0
                text1                               B2E      B2E      1B2         0
                text0                              162C     162C        8         0
                cinit                              1312     1312       72         0
                idataBANK1                         1618     1618       14         0
                idataBANK0                         15F0     15F0       28         0
                idataCOMRAM                        156A     156A       32         0

        CLASS   CONST          

        CLASS   SMALLCONST     
                smallconst                          600      600       E6         0

        CLASS   MEDIUMCONST    

        CLASS   COMRAM         
                cstackCOMRAM                          1        1       3A         1
                dataCOMRAM                           3B       3B       32         1
                bssCOMRAM                            6D       6D        4         1

        CLASS   ABS1           

        CLASS   BIGRAM         

        CLASS   RAM            

        CLASS   BANK0          
                cstackBANK0                          80       80       51         1
                dataBANK0                            D1       D1       28         1

        CLASS   BANK1          
                dataBANK1                           100      100       14         1

        CLASS   BANK2          

        CLASS   BANK3          

        CLASS   BANK4          

        CLASS   BANK5          

        CLASS   SFR            

        CLASS   CONFIG         
                config                           300000   300000        E         4

        CLASS   IDLOC          
                idloc                            200000   200000        8         5

        CLASS   EEDATA         

        CLASS   FARRAM         



SEGMENTS        Name                           Load    Length   Top    Selector   Space  Class

                reset_vec                      000000  000004  000004         0       0  CODE    
                cstackCOMRAM                   000001  000070  000071         1       1  COMRAM  
                cstackBANK0                    000080  000079  0000F9        80       1  BANK0   
                dataBANK1                      000100  000014  000114       100       1  BANK1   
                smallconst                     000600  0000E6  0006E6       300       0  SMALLCON
                text8                          0006E6  000F56  00163C       373       0  CODE    


UNUSED ADDRESS RANGES

        Name                Unused          Largest block    Delta
        BANK0            0000F9-0000FF                7
        BANK1            000114-0001FF               EC
        BANK2            000200-0002FF              100
        BANK3            000300-0003FF              100
        BANK4            000400-0004FF              100
        BANK5            000500-0005FF              100
        BIGRAM           000071-00007F                F
                         0000F9-0000FF                7
                         000114-0005FF              4EC
        CODE             000004-0005FF              5FC
                         00163C-007FFF             69C4
        COMRAM           000071-00007F                F
        CONST            000004-0005FF              5FC
                         00163C-007FFF             69C4
        EEDATA           F00000-F000FF              100
        MEDIUMCONST      00163C-007FFF             69C4
        RAM              0000F9-0000FF                7
                         000114-0005FF              100
        SFR              000F80-000FFF               80
        SMALLCONST       00163C-007FFF              100
        STACK            000114-0005FF              4EC

                                  Symbol Table

?___lldiv                cstackCOMRAM 000001
?___llmod                cstackCOMRAM 00000E
?___lwdiv                cstackCOMRAM 000006
?___lwmod                cstackCOMRAM 000001
__HRAM                   (abs)        000000
__Habs1                  abs1         000000
__Hbank0                 bank0        000000
__Hbank1                 bank1        000000
__Hbank2                 bank2        000000
__Hbank3                 bank3        000000
__Hbank4                 bank4        000000
__Hbank5                 bank5        000000
__Hbigbss                bigbss       000000
__Hbigdata               bigdata      000000
__Hbigram                bigram       000000
__Hbss                   bss          000000
__HbssCOMRAM             bssCOMRAM    000000
__Hcinit                 cinit        000000
__Hclrtext               clrtext      000000
__Hcomram                comram       000000
__Hconfig                config       30000E
__Hconst                 const        000000
__HcstackBANK0           cstackBANK0  000000
__HcstackCOMRAM          cstackCOMRAM 000000
__Hdata                  data         000000
__HdataBANK0             dataBANK0    000000
__HdataBANK1             dataBANK1    000000
__HdataCOMRAM            dataCOMRAM   000000
__Heeprom_data           eeprom_data  000000
__Hfarbss                farbss       000000
__Hfardata               fardata      000000
__Hibigdata              ibigdata     000000
__Hidata                 idata        000000
__HidataBANK0            idataBANK0   000000
__HidataBANK1            idataBANK1   000000
__HidataCOMRAM           idataCOMRAM  000000
__Hidloc                 idloc        200008
__Hifardata              ifardata     000000
__Hinit                  init         000004
__Hintcode               intcode      000000
__Hintcode_body          intcode_body 000000
__Hintcodelo             intcodelo    000000
__Hintentry              intentry     000000
__Hintret                intret       000000
__Hintsave_regs          intsave_regs 000000
__Hirdata                irdata       000000
__Hmediumconst           mediumconst  000000
__HnvFARRAM              nvFARRAM     000000
__Hnvbit                 nvbit        000000
__Hnvrram                nvrram       000000
__Hparam                 rparam       000000
__Hpowerup               powerup      000000
__Hram                   ram          000000
__Hramtop                ramtop       000600
__Hrbit                  rbit         000000
__Hrbss                  rbss         000000
__Hrdata                 rdata        000000
__Hreset_vec             reset_vec    000000
__Hrparam                rparam       000000
__Hsfr                   sfr          000000
__Hsmallconst            smallconst   0006E6
__Hspace_0               (abs)        00163C
__Hspace_1               (abs)        000114
__Hspace_2               (abs)        000000
__Hspace_4               (abs)        60000E
__Hstack                 stack        000000
__Hstruct                struct       000000
__Htemp                  temp         000000
__Htext                  text         000000
__Htext0                 text0        000000
__Htext1                 text1        000000
__Htext10                text10       000000
__Htext11                text11       000000
__Htext12                text12       000000
__Htext13                text13       000000
__Htext14                text14       000000
__Htext15                text15       000000
__Htext16                text16       000000
__Htext17                text17       000000
__Htext18                text18       000000
__Htext19                text19       000000
__Htext2                 text2        000000
__Htext3                 text3        000000
__Htext4                 text4        000000
__Htext5                 text5        000000
__Htext6                 text6        000000
__Htext7                 text7        000000
__Htext8                 text8        000000
__Htext9                 text9        000000
__LRAM                   (abs)        000001
__Labs1                  abs1         000000
__Lbank0                 bank0        000000
__Lbank1                 bank1        000000
__Lbank2                 bank2        000000
__Lbank3                 bank3        000000
__Lbank4                 bank4        000000
__Lbank5                 bank5        000000
__Lbigbss                bigbss       000000
__Lbigdata               bigdata      000000
__Lbigram                bigram       000000
__Lbss                   bss          000000
__LbssCOMRAM             bssCOMRAM    000000
__Lcinit                 cinit        000000
__Lclrtext               clrtext      000000
__Lcomram                comram       000000
__Lconfig                config       000000
__Lconst                 const        000000
__LcstackBANK0           cstackBANK0  000000
__LcstackCOMRAM          cstackCOMRAM 000000
__Ldata                  data         000000
__LdataBANK0             dataBANK0    000000
__LdataBANK1             dataBANK1    000000
__LdataCOMRAM            dataCOMRAM   000000
__Leeprom_data           eeprom_data  000000
__Lfarbss                farbss       000000
__Lfardata               fardata      000000
__Libigdata              ibigdata     000000
__Lidata                 idata        000000
__LidataBANK0            idataBANK0   000000
__LidataBANK1            idataBANK1   000000
__LidataCOMRAM           idataCOMRAM  000000
__Lidloc                 idloc        000000
__Lifardata              ifardata     000000
__Linit                  init         000000
__Lintcode               intcode      000000
__Lintcode_body          intcode_body 000000
__Lintcodelo             intcodelo    000000
__Lintentry              intentry     000000
__Lintret                intret       000000
__Lintsave_regs          intsave_regs 000000
__Lirdata                irdata       000000
__Lmediumconst           mediumconst  000000
__LnvFARRAM              nvFARRAM     000000
__Lnvbit                 nvbit        000000
__Lnvrram                nvrram       000000
__Lparam                 rparam       000000
__Lpowerup               powerup      000000
__Lram                   ram          000000
__Lramtop                ramtop       000600
__Lrbit                  rbit         000000
__Lrbss                  rbss         000000
__Lrdata                 rdata        000000
__Lreset_vec             reset_vec    000000
__Lrparam                rparam       000000
__Lsfr                   sfr          000000
__Lsmallconst            smallconst   000600
__Lspace_0               (abs)        000000
__Lspace_1               (abs)        000000
__Lspace_2               (abs)        000000
__Lspace_4               (abs)        000000
__Lstack                 stack        000000
__Lstruct                struct       000000
__Ltemp                  temp         000000
__Ltext                  text         000000
__Ltext0                 text0        000000
__Ltext1                 text1        000000
__Ltext10                text10       000000
__Ltext11                text11       000000
__Ltext12                text12       000000
__Ltext13                text13       000000
__Ltext14                text14       000000
__Ltext15                text15       000000
__Ltext16                text16       000000
__Ltext17                text17       000000
__Ltext18                text18       000000
__Ltext19                text19       000000
__Ltext2                 text2        000000
__Ltext3                 text3        000000
__Ltext4                 text4        000000
__Ltext5                 text5        000000
__Ltext6                 text6        000000
__Ltext7                 text7        000000
__Ltext8                 text8        000000
__Ltext9                 text9        000000
__S0                     (abs)        00163C
__S1                     (abs)        000114
__S2                     (abs)        000000
__S4                     (abs)        000000
__S5                     (abs)        000000
___inthi_sp              stack        000000
___intlo_sp              stack        000000
___lldiv                 text10       0010FA
___lldiv@counter         cstackCOMRAM 00000D
___lldiv@dividend        cstackCOMRAM 000001
___lldiv@divisor         cstackCOMRAM 000005
___lldiv@quotient        cstackCOMRAM 000009
___llmod                 text9        00119E
___llmod@counter         cstackCOMRAM 000016
___llmod@dividend        cstackCOMRAM 00000E
___llmod@divisor         cstackCOMRAM 000012
___lwdiv                 text5        00129E
___lwdiv@counter         cstackCOMRAM 00000C
___lwdiv@dividend        cstackCOMRAM 000006
___lwdiv@divisor         cstackCOMRAM 000008
___lwdiv@quotient        cstackCOMRAM 00000A
___lwmod                 text4        0013F6
___lwmod@counter         cstackCOMRAM 000005
___lwmod@dividend        cstackCOMRAM 000001
___lwmod@divisor         cstackCOMRAM 000003
___param_bank            (abs)        000000
___rparam_used           (abs)        000001
___sp                    stack        000000
__accesstop              (abs)        000080
__activetblptr           (abs)        000002
__end_of___lldiv         text10       00119E
__end_of___llmod         text9        001226
__end_of___lwdiv         text5        001312
__end_of___lwmod         text4        00145A
__end_of__initialization cinit        00137A
__end_of_atraso_ms       text19       0014BE
__end_of_buzzer          text13       0013F6
__end_of_itoa            text3        000F44
__end_of_lcd_cmd         text17       0015F0
__end_of_lcd_dat         text15       0015C6
__end_of_lcd_init        text16       00151A
__end_of_lcd_str         text14       00129E
__end_of_lcd_wr          text18       00163C
__end_of_linha           smallconst   000605
__end_of_main            text0        001634
__end_of_menu            text1        000CE0
__end_of_msgDisplay      text12       001026
__end_of_msgInicio       text11       00156A
__end_of_musica          text6        000E3C
__end_of_pontFinal       text2        0010FA
__end_of_pontua          text8        000964
__end_of_tc_tecla        text7        000B2E
__initialization         cinit        001312
__mediumconst            mediumconst  000000
__pbssCOMRAM             bssCOMRAM    00006D
__pcinit                 cinit        001312
__pcstackBANK0           cstackBANK0  000080
__pcstackCOMRAM          cstackCOMRAM 000001
__pdataBANK0             dataBANK0    0000D1
__pdataBANK1             dataBANK1    000100
__pdataCOMRAM            dataCOMRAM   00003B
__pidataBANK0            idataBANK0   0015F0
__pidataBANK1            idataBANK1   001618
__pidataCOMRAM           idataCOMRAM  00156A
__psmallconst            smallconst   000600
__ptext0                 text0        00162C
__ptext1                 text1        000B2E
__ptext10                text10       0010FA
__ptext11                text11       00151A
__ptext12                text12       000F44
__ptext13                text13       001384
__ptext14                text14       001226
__ptext15                text15       00159C
__ptext16                text16       0014BE
__ptext17                text17       0015C6
__ptext18                text18       001634
__ptext19                text19       00145A
__ptext2                 text2        001026
__ptext3                 text3        000E3C
__ptext4                 text4        0013F6
__ptext5                 text5        00129E
__ptext6                 text6        000CE0
__ptext7                 text7        000964
__ptext8                 text8        0006E6
__ptext9                 text9        00119E
__ramtop                 ramtop       000600
__size_of___lldiv        (abs)        000000
__size_of___llmod        (abs)        000000
__size_of___lwdiv        (abs)        000000
__size_of___lwmod        (abs)        000000
__size_of_atraso_ms      (abs)        000000
__size_of_buzzer         (abs)        000000
__size_of_itoa           (abs)        000000
__size_of_lcd_cmd        (abs)        000000
__size_of_lcd_dat        (abs)        000000
__size_of_lcd_init       (abs)        000000
__size_of_lcd_str        (abs)        000000
__size_of_lcd_wr         (abs)        000000
__size_of_main           (abs)        000000
__size_of_menu           (abs)        000000
__size_of_msgDisplay     (abs)        000000
__size_of_msgInicio      (abs)        000000
__size_of_musica         (abs)        000000
__size_of_pontFinal      (abs)        000000
__size_of_pontua         (abs)        000000
__size_of_tc_tecla       (abs)        000000
__smallconst             smallconst   000600
_atraso                  dataCOMRAM   000063
_atrasoMax               dataCOMRAM   000067
_atrasoMed               dataCOMRAM   000069
_atrasoMin               dataCOMRAM   00006B
_atraso_min              dataCOMRAM   000065
_atraso_ms               text19       00145A
_buzzer                  text13       001384
_cont                    bssCOMRAM    00006D
_itoa                    text3        000E3C
_lcd_cmd                 text17       0015C6
_lcd_dat                 text15       00159C
_lcd_init                text16       0014BE
_lcd_str                 text14       001226
_lcd_wr                  text18       001634
_linha                   smallconst   000601
_main                    text0        00162C
_menu                    text1        000B2E
_msgDisplay              text12       000F44
_msgInicio               text11       00151A
_musica                  text6        000CE0
_pontFinal               text2        001026
_pontua                  text8        0006E6
_tc_tecla                text7        000964
atraso_ms@i              cstackCOMRAM 000003
atraso_ms@j              cstackCOMRAM 000005
atraso_ms@k              cstackCOMRAM 000006
atraso_ms@t              cstackCOMRAM 000001
buzzer@op                cstackCOMRAM 00000D
end_of_initialization    cinit        00137A
intlevel0                text         000000
intlevel1                text         000000
intlevel2                text         000000
intlevel3                text         000000
isa$std                  (abs)        000001
isa$xinst                (abs)        000000
itoa@str                 cstackCOMRAM 00000F
itoa@val                 cstackCOMRAM 00000D
lcd_cmd@val              cstackCOMRAM 000007
lcd_dat@val              cstackCOMRAM 000007
lcd_str@i                cstackCOMRAM 00000C
lcd_str@str              cstackCOMRAM 000008
lcd_wr@val               cstackCOMRAM 000001
menu@F45                 dataBANK0    0000E5
menu@F47                 dataBANK0    0000D1
menu@F49                 dataCOMRAM   00003B
menu@F51                 dataBANK1    000100
menu@julieta             cstackBANK0  0000BC
menu@julietaC            cstackBANK0  000094
menu@mozart              cstackBANK0  0000A8
menu@mozartC             cstackBANK0  000080
menu@tmp                 cstackBANK0  0000D0
msgDisplay@i             cstackCOMRAM 00000F
msgDisplay@op            cstackCOMRAM 00000D
musica@i                 cstackCOMRAM 00003A
musica@msc               cstackCOMRAM 000031
musica@mscC              cstackCOMRAM 000033
musica@op                cstackCOMRAM 000035
musica@tmp               cstackCOMRAM 000039
pontFinal@valor          cstackCOMRAM 000011
pontua@F22               dataCOMRAM   00004F
pontua@decimal           cstackCOMRAM 000017
pontua@delay             cstackCOMRAM 00002D
pontua@i                 cstackCOMRAM 00002B
pontua@k                 cstackCOMRAM 00002F
stackhi                  (abs)        0005FF
stacklo                  (abs)        000114
start                    init         000000
start_initialization     cinit        001312
tc_tecla@i               cstackCOMRAM 00000D
tc_tecla@ret             cstackCOMRAM 00000C
tc_tecla@timeout         cstackCOMRAM 000007
tc_tecla@tmp             cstackCOMRAM 00000B
tc_tecla@to              cstackCOMRAM 000009


MODULE INFORMATION

Module		Function		Class		Link	Load	Size
delay.c
		_atraso_ms     		CODE           	145A	0000	100

delay.c estimated size: 100

teclado.c
		_tc_tecla      		CODE           	0964	0000	458

teclado.c estimated size: 458

C:\Program Files\Microchip\xc8\v2.32\pic\sources\c99\common\lwmod.c
		___lwmod       		CODE           	13F6	0000	100

C:\Program Files\Microchip\xc8\v2.32\pic\sources\c99\common\lwmod.c estimated size: 100

C:\Program Files\Microchip\xc8\v2.32\pic\sources\c99\common\llmod.c
		___llmod       		CODE           	119E	0000	136

C:\Program Files\Microchip\xc8\v2.32\pic\sources\c99\common\llmod.c estimated size: 136

shared
		__initialization		CODE           	1312	0000	104
		_linha         		SMALLCONST     	0601	0000	4

shared estimated size: 108

C:\Program Files\Microchip\xc8\v2.32\pic\sources\c99\common\lwdiv.c
		___lwdiv       		CODE           	129E	0000	116

C:\Program Files\Microchip\xc8\v2.32\pic\sources\c99\common\lwdiv.c estimated size: 116

lcd.c
		_lcd_cmd       		CODE           	15C6	0000	42
		_lcd_dat       		CODE           	159C	0000	42
		_lcd_wr        		CODE           	1634	0000	8
		_lcd_str       		CODE           	1226	0000	120
		_lcd_init      		CODE           	14BE	0000	92

lcd.c estimated size: 304

itoa.c
		_itoa          		CODE           	0E3C	0000	264

itoa.c estimated size: 264

C:\Program Files\Microchip\xc8\v2.32\pic\sources\c99\common\__lldiv.c
		___lldiv       		CODE           	10FA	0000	164

C:\Program Files\Microchip\xc8\v2.32\pic\sources\c99\common\__lldiv.c estimated size: 164

main.c
		_musica        		CODE           	0CE0	0000	348
		_menu          		CODE           	0B2E	0000	434
		_pontFinal     		CODE           	1026	0000	212
		_main          		CODE           	162C	0000	8
		_msgInicio     		CODE           	151A	0000	80
		_msgDisplay    		CODE           	0F44	0000	226
		_pontua        		CODE           	06E6	0000	638
		_buzzer        		CODE           	1384	0000	114

main.c estimated size: 2060

